I'm sorry, but errors were detected in your script. Please correct the
errors listed below, and try again.


File "game/script.rpy", line 129: Line is followed by a block, despite not being a menu choice. Did you forget a colon at the end of the line?
    "Something else?"
                     ^

Ren'Py Version: Ren'Py 7.3.2.320
Mon Aug 19 23:21:12 2019
